
> busi-app@1.0.0 build
> vite build

[36mvite v8.0.8 [32mbuilding client environment for production...[36m[39m
[2K
transforming...Ô£ô 3369 modules transformed.
node.exe : [31mÔ£ù[39m Build failed in 678ms
En línea: 1 Carácter: 1
+ & "C:\Program Files\nodejs/node.exe" "C:\Program Files\nodejs/node_mo ...
+ ~~~~~~~~~~~~~~~~~~~~~~~~~~~~~~~~~~~~~~~~~~~~~~~~~~~~~~~~~~~~~~~~~~~~~
    + CategoryInfo          : NotSpecified: ([31mÔ£ù[39m Build failed in 678ms:String) [], RemoteException
    + FullyQualifiedErrorId : NativeCommandError
 
[31merror during build:
[31mBuild failed with 3 errors:

[31m[builtin:vite-transform] Error:[0m Expected corresponding closing tag for JSX fragment.
     [38;5;246mÔò¡[0m[38;5;246mÔöÇ[0m[38;5;246m[[0m src/pages/Inventario.tsx:503:7 [38;5;246m][0m
     [38;5;246mÔöé[0m
 [38;5;246m160 Ôöé[0m [38;5;249m [0m[38;5;249m [0m[38;5;249m [0m[38;5;249m [0m<>
 [38;5;240m    Ôöé[0m     ÔöÇÔö¼  
 [38;5;240m    Ôöé[0m      Ôò░ÔöÇÔöÇ Opened here
 [38;5;240m    Ôöé[0m 
 [38;5;246m503 Ôöé[0m [38;5;249m [0m[38;5;249m [0m[38;5;249m [0m[38;5;249m 
[0m[38;5;249m<[0m[38;5;249m/[0mdiv[38;5;249m>[0m
 [38;5;240m    Ôöé[0m       ÔöÇÔö¼ÔöÇ  
 [38;5;240m    Ôöé[0m        Ôò░ÔöÇÔöÇÔöÇ Expected `</>`
[38;5;246mÔöÇÔöÇÔöÇÔöÇÔöÇÔò»[0m

[31m[builtin:vite-transform] Error:[0m Expected `,` or `)` but found `{`
     [38;5;246mÔò¡[0m[38;5;246mÔöÇ[0m[38;5;246m[[0m src/pages/Inventario.tsx:504:5 [38;5;246m][0m
     [38;5;246mÔöé[0m
 [38;5;246m159 Ôöé[0m [38;5;249m [0m[38;5;249m 
[0m[38;5;249mr[0m[38;5;249me[0m[38;5;249mt[0m[38;5;249mu[0m[38;5;249mr[0m[38;5;249mn[0m[38;5;249m [0m(
 [38;5;240m    Ôöé[0m          Ôö¼  
 [38;5;240m    Ôöé[0m          Ôò░ÔöÇÔöÇ Opened here
 [38;5;240m    Ôöé[0m 
 [38;5;246m504 Ôöé[0m [38;5;249m [0m[38;5;249m [0m[38;5;249m [0m[38;5;249m [0m{[38;5;249mn[0m[38;5;249mo[
0m[38;5;249mt[0m[38;5;249mi[0m[38;5;249mf[0m[38;5;249mi[0m[38;5;249mc[0m[38;5;249ma[0m[38;5;249mt[0m[38;
5;249mi[0m[38;5;249mo[0m[38;5;249mn[0m[38;5;249m [0m[38;5;249m&[0m[38;5;249m&[0m[38;5;249m 
[0m[38;5;249m([0m
 [38;5;240m    Ôöé[0m     Ôö¼  
 [38;5;240m    Ôöé[0m     Ôò░ÔöÇÔöÇ `,` or `)` expected
[38;5;246mÔöÇÔöÇÔöÇÔöÇÔöÇÔò»[0m

[31m[builtin:vite-transform] Error:[0m Unterminated regular expression
     [38;5;246mÔò¡[0m[38;5;246mÔöÇ[0m[38;5;246m[[0m src/pages/Clientes.tsx:385:8 [38;5;246m][0m
     [38;5;246mÔöé[0m
 [38;5;246m385 Ôöé[0m [38;5;249m [0m[38;5;249m [0m[38;5;249m [0m[38;5;249m [0m[38;5;249m [0m[38;5;249m 
[0m[38;5;249m<[0m/div>{" "}
 [38;5;240m    Ôöé[0m        ÔöÇÔöÇÔöÇÔöÇÔöÇÔö¼ÔöÇÔöÇÔöÇÔöÇÔöÇ  
 [38;5;240m    Ôöé[0m             Ôò░ÔöÇÔöÇÔöÇÔöÇÔöÇÔöÇÔöÇ 
[38;5;246mÔöÇÔöÇÔöÇÔöÇÔöÇÔò»[0m
[31m
    at aggregateBindingErrorsIntoJsError (file:///C:/Users/sebit/Downloads/LOS%20CHORROS/DASHBOARD%20CLIENTES/node_modu
les/rolldown/dist/shared/error-w0u7biK-.mjs:48:18)
    at unwrapBindingResult (file:///C:/Users/sebit/Downloads/LOS%20CHORROS/DASHBOARD%20CLIENTES/node_modules/rolldown/d
ist/shared/error-w0u7biK-.mjs:18:128)
    at #build (file:///C:/Users/sebit/Downloads/LOS%20CHORROS/DASHBOARD%20CLIENTES/node_modules/rolldown/dist/shared/ro
lldown-build-DtGk-m96.mjs:3313:34)
    at async buildEnvironment (file:///C:/Users/sebit/Downloads/LOS%20CHORROS/DASHBOARD%20CLIENTES/node_modules/vite/di
st/node/chunks/node.js:32954:64)
    at async Object.build (file:///C:/Users/sebit/Downloads/LOS%20CHORROS/DASHBOARD%20CLIENTES/node_modules/vite/dist/n
ode/chunks/node.js:33376:19)
    at async Object.buildApp (file:///C:/Users/sebit/Downloads/LOS%20CHORROS/DASHBOARD%20CLIENTES/node_modules/vite/dis
t/node/chunks/node.js:33373:153)
    at async CAC.<anonymous> 
(file:///C:/Users/sebit/Downloads/LOS%20CHORROS/DASHBOARD%20CLIENTES/node_modules/vite/dist/node/cli.js:778:3) {
  errors: [Getter/Setter]
}[39m
